verifying on cuda: 20,000 rows x 64 ch into 4,000 slots (28 empty)
  scatter_max   forward  max abs diff 0.000e+00 (0.0 ulp), 0 of 254,208 values differ, empty-slot convention matches
  scatter_mean  forward  max abs diff 2.384e-07 (2.0 ulp), 103,317 of 256,000 values differ, empty-slot convention matches
  scatter_max   backward max abs diff 0.000e+00
  scatter_mean  backward max abs diff 2.384e-07 (2.0 ulp on 17,041 of 20,000 rows, the same float32 rounding as the forward)
  verified: scatter_max exact in both directions, scatter_mean within float32 rounding

fast-scatter ENABLED in frustum_encoder, frnet_backbone (scatter_max) and frustum_encoder (scatter_mean)
device cuda, holding out sequence 08
indexing training frames:
  sequence 00:  4541 labelled frames
  sequence 01:  1101 labelled frames
  sequence 02:  4661 labelled frames
  sequence 03:   801 labelled frames
  sequence 04:   271 labelled frames
  sequence 05:  2761 labelled frames
  sequence 06:  1101 labelled frames
  sequence 07:  1101 labelled frames
  sequence 09:  1591 labelled frames
  sequence 10:  1201 labelled frames
  19,130 frames over 10 sequences

init from frnet-semantickitti_seg.pth: 0 missing, 8 unexpected (auxiliary heads are training-only and correctly unused)
unfreeze=head: 92,564 of 10,019,252 parameters trainable (0.9%)
class weights: 3.0x on terrain, vegetation, 1.0 elsewhere

training 2000 steps, batch 2, lr 0.001

  step    25  loss 0.1162   4.30 steps/s  eta   7.7 min
  step    50  loss 0.1116   4.42 steps/s  eta   7.4 min
  step    75  loss 0.1086   4.47 steps/s  eta   7.2 min
  step   100  loss 0.1130   4.49 steps/s  eta   7.0 min
  step   125  loss 0.0988   4.51 steps/s  eta   6.9 min
  step   150  loss 0.0972   4.52 steps/s  eta   6.8 min
  step   175  loss 0.0975   4.55 steps/s  eta   6.7 min
  step   200  loss 0.1050   4.57 steps/s  eta   6.6 min
  step   225  loss 0.1038   4.58 steps/s  eta   6.5 min
  step   250  loss 0.0957   4.59 steps/s  eta   6.4 min
  step   275  loss 0.1105   4.59 steps/s  eta   6.3 min
  step   300  loss 0.0889   4.60 steps/s  eta   6.2 min
  step   325  loss 0.1081   4.60 steps/s  eta   6.1 min
  step   350  loss 0.0998   4.60 steps/s  eta   6.0 min
  step   375  loss 0.1133   4.60 steps/s  eta   5.9 min
  step   400  loss 0.1031   4.61 steps/s  eta   5.8 min
  step   425  loss 0.1011   4.61 steps/s  eta   5.7 min
  step   450  loss 0.1045   4.60 steps/s  eta   5.6 min
  step   475  loss 0.1053   4.61 steps/s  eta   5.5 min
  step   500  loss 0.1066   4.60 steps/s  eta   5.4 min
  step   525  loss 0.0995   4.61 steps/s  eta   5.3 min
  step   550  loss 0.1003   4.61 steps/s  eta   5.2 min
  step   575  loss 0.1227   4.61 steps/s  eta   5.2 min
  step   600  loss 0.1079   4.61 steps/s  eta   5.1 min
  step   625  loss 0.1061   4.61 steps/s  eta   5.0 min
  step   650  loss 0.1041   4.60 steps/s  eta   4.9 min
  step   675  loss 0.0956   4.60 steps/s  eta   4.8 min
  step   700  loss 0.1050   4.59 steps/s  eta   4.7 min
  step   725  loss 0.1029   4.60 steps/s  eta   4.6 min
  step   750  loss 0.1059   4.59 steps/s  eta   4.5 min
  step   775  loss 0.0973   4.59 steps/s  eta   4.4 min
  step   800  loss 0.1154   4.59 steps/s  eta   4.4 min
  step   825  loss 0.1064   4.58 steps/s  eta   4.3 min
  step   850  loss 0.1172   4.58 steps/s  eta   4.2 min
  step   875  loss 0.1070   4.58 steps/s  eta   4.1 min
  step   900  loss 0.1000   4.58 steps/s  eta   4.0 min
  step   925  loss 0.0898   4.57 steps/s  eta   3.9 min
  step   950  loss 0.0955   4.57 steps/s  eta   3.8 min
  step   975  loss 0.0929   4.57 steps/s  eta   3.7 min
  step  1000  loss 0.1132   4.57 steps/s  eta   3.6 min
  step  1025  loss 0.0977   4.57 steps/s  eta   3.6 min
  step  1050  loss 0.0972   4.57 steps/s  eta   3.5 min
  step  1075  loss 0.1007   4.56 steps/s  eta   3.4 min
  step  1100  loss 0.1034   4.56 steps/s  eta   3.3 min
  step  1125  loss 0.1037   4.56 steps/s  eta   3.2 min
  step  1150  loss 0.1117   4.56 steps/s  eta   3.1 min
  step  1175  loss 0.0963   4.56 steps/s  eta   3.0 min
  step  1200  loss 0.0928   4.56 steps/s  eta   2.9 min
  step  1225  loss 0.1005   4.56 steps/s  eta   2.8 min
  step  1250  loss 0.1124   4.55 steps/s  eta   2.7 min
  step  1275  loss 0.0984   4.55 steps/s  eta   2.7 min
  step  1300  loss 0.1287   4.55 steps/s  eta   2.6 min
  step  1325  loss 0.1014   4.55 steps/s  eta   2.5 min
  step  1350  loss 0.0995   4.55 steps/s  eta   2.4 min
  step  1375  loss 0.1093   4.55 steps/s  eta   2.3 min
  step  1400  loss 0.0994   4.55 steps/s  eta   2.2 min
  step  1425  loss 0.1087   4.55 steps/s  eta   2.1 min
  step  1450  loss 0.0991   4.55 steps/s  eta   2.0 min
  step  1475  loss 0.1006   4.54 steps/s  eta   1.9 min
  step  1500  loss 0.1093   4.54 steps/s  eta   1.8 min
  step  1525  loss 0.1039   4.54 steps/s  eta   1.7 min
  step  1550  loss 0.1022   4.54 steps/s  eta   1.7 min
  step  1575  loss 0.0951   4.54 steps/s  eta   1.6 min
  step  1600  loss 0.0973   4.54 steps/s  eta   1.5 min
  step  1625  loss 0.0969   4.54 steps/s  eta   1.4 min
  step  1650  loss 0.0990   4.54 steps/s  eta   1.3 min
  step  1675  loss 0.1001   4.54 steps/s  eta   1.2 min
  step  1700  loss 0.0983   4.54 steps/s  eta   1.1 min
  step  1725  loss 0.1047   4.54 steps/s  eta   1.0 min
  step  1750  loss 0.1013   4.54 steps/s  eta   0.9 min
  step  1775  loss 0.0979   4.54 steps/s  eta   0.8 min
  step  1800  loss 0.0992   4.54 steps/s  eta   0.7 min
  step  1825  loss 0.0969   4.53 steps/s  eta   0.6 min
  step  1850  loss 0.0936   4.53 steps/s  eta   0.6 min
  step  1875  loss 0.0985   4.53 steps/s  eta   0.5 min
  step  1900  loss 0.0948   4.53 steps/s  eta   0.4 min
  step  1925  loss 0.0940   4.53 steps/s  eta   0.3 min
  step  1950  loss 0.0992   4.53 steps/s  eta   0.2 min
  step  1975  loss 0.1122   4.53 steps/s  eta   0.1 min
  step  2000  loss 0.1023   4.53 steps/s  eta   0.0 min

2000 steps in 7.4 min, now at step 2000
training loss 0.0846 -> 0.0821
⚑ that number is NOT a result -- a class-weighted loss falls when the head gets more
  confident on the weighted classes, correct or not. Score it:

  python scripts/frnet_eval.py --seq 08 --frames 200 --checkpoint /home/shrestha/Desktop/sih26/assets/checkpoints/sweep-longer-head.pth
  python scripts/frnet_eval.py --seq 08 --frames 200  # the baseline, same 200 frames

wrote /home/shrestha/Desktop/sih26/assets/checkpoints/sweep-longer-head.pth
