verifying on cuda: 20,000 rows x 64 ch into 4,000 slots (28 empty)
  scatter_max   forward  max abs diff 0.000e+00 (0.0 ulp), 0 of 254,208 values differ, empty-slot convention matches
  scatter_mean  forward  max abs diff 2.384e-07 (2.0 ulp), 105,202 of 256,000 values differ, empty-slot convention matches
  scatter_max   backward max abs diff 0.000e+00
  scatter_mean  backward max abs diff 2.384e-07 (2.0 ulp on 17,409 of 20,000 rows, the same float32 rounding as the forward)
  verified: scatter_max exact in both directions, scatter_mean within float32 rounding

fast-scatter ENABLED in frustum_encoder, frnet_backbone (scatter_max) and frustum_encoder (scatter_mean)
device cuda, holding out sequence 08
indexing training frames:
  sequence 00:  4541 labelled frames
  sequence 01:  1101 labelled frames
  sequence 02:  4661 labelled frames
  sequence 03:   801 labelled frames
  sequence 04:   271 labelled frames
  sequence 05:  2761 labelled frames
  sequence 06:  1101 labelled frames
  sequence 07:  1101 labelled frames
  sequence 09:  1591 labelled frames
  sequence 10:  1201 labelled frames
  19,130 frames over 10 sequences

init from frnet-semantickitti_seg.pth: 0 missing, 8 unexpected (auxiliary heads are training-only and correctly unused)
unfreeze=all: 10,019,252 of 10,019,252 parameters trainable (100.0%)
class weights: 3.0x on (none), 1.0 elsewhere

training 2000 steps, batch 2, lr 5e-05

  step    25  loss 0.1143   1.02 steps/s  eta  32.2 min
  step    50  loss 0.1103   1.01 steps/s  eta  32.2 min
  step    75  loss 0.1072   1.04 steps/s  eta  30.9 min
  step   100  loss 0.1257   1.05 steps/s  eta  30.1 min
  step   125  loss 0.0991   1.05 steps/s  eta  29.9 min
  step   150  loss 0.0974   1.05 steps/s  eta  29.4 min
  step   175  loss 0.1052   1.06 steps/s  eta  28.8 min
  step   200  loss 0.1027   1.06 steps/s  eta  28.3 min
  step   225  loss 0.1046   1.06 steps/s  eta  28.0 min
  step   250  loss 0.0969   1.06 steps/s  eta  27.5 min
  step   275  loss 0.1080   1.06 steps/s  eta  27.1 min
  step   300  loss 0.0945   1.06 steps/s  eta  26.7 min
  step   325  loss 0.1063   1.06 steps/s  eta  26.3 min
  step   350  loss 0.1012   1.06 steps/s  eta  25.9 min
  step   375  loss 0.1102   1.06 steps/s  eta  25.5 min
  step   400  loss 0.1044   1.06 steps/s  eta  25.1 min
  step   425  loss 0.1006   1.06 steps/s  eta  24.7 min
  step   450  loss 0.1081   1.06 steps/s  eta  24.3 min
  step   475  loss 0.1083   1.06 steps/s  eta  23.9 min
  step   500  loss 0.1160   1.06 steps/s  eta  23.6 min
  step   525  loss 0.1002   1.06 steps/s  eta  23.2 min
  step   550  loss 0.1039   1.06 steps/s  eta  22.8 min
  step   575  loss 0.1275   1.06 steps/s  eta  22.4 min
  step   600  loss 0.1096   1.06 steps/s  eta  22.0 min
  step   625  loss 0.1074   1.06 steps/s  eta  21.6 min
  step   650  loss 0.1070   1.06 steps/s  eta  21.2 min
  step   675  loss 0.0993   1.06 steps/s  eta  20.8 min
  step   700  loss 0.1037   1.06 steps/s  eta  20.4 min
  step   725  loss 0.1166   1.06 steps/s  eta  20.0 min
  step   750  loss 0.1068   1.06 steps/s  eta  19.6 min
  step   775  loss 0.0999   1.06 steps/s  eta  19.2 min
  step   800  loss 0.1109   1.06 steps/s  eta  18.8 min
  step   825  loss 0.1103   1.06 steps/s  eta  18.4 min
  step   850  loss 0.1160   1.06 steps/s  eta  18.0 min
  step   875  loss 0.1090   1.06 steps/s  eta  17.6 min
  step   900  loss 0.1033   1.06 steps/s  eta  17.3 min
  step   925  loss 0.0919   1.06 steps/s  eta  16.9 min
  step   950  loss 0.0996   1.06 steps/s  eta  16.5 min
  step   975  loss 0.0948   1.06 steps/s  eta  16.1 min
  step  1000  loss 0.1071   1.06 steps/s  eta  15.7 min
  step  1025  loss 0.0980   1.06 steps/s  eta  15.3 min
  step  1050  loss 0.0983   1.06 steps/s  eta  14.9 min
  step  1075  loss 0.1065   1.06 steps/s  eta  14.5 min
  step  1100  loss 0.1059   1.06 steps/s  eta  14.1 min
  step  1125  loss 0.1059   1.06 steps/s  eta  13.7 min
  step  1150  loss 0.1155   1.06 steps/s  eta  13.3 min
  step  1175  loss 0.1015   1.06 steps/s  eta  12.9 min
  step  1200  loss 0.0941   1.06 steps/s  eta  12.6 min
  step  1225  loss 0.1017   1.06 steps/s  eta  12.2 min
  step  1250  loss 0.1123   1.06 steps/s  eta  11.8 min
  step  1275  loss 0.1005   1.06 steps/s  eta  11.4 min
  step  1300  loss 0.1286   1.06 steps/s  eta  11.0 min
  step  1325  loss 0.1029   1.06 steps/s  eta  10.6 min
  step  1350  loss 0.1083   1.06 steps/s  eta  10.2 min
  step  1375  loss 0.1086   1.06 steps/s  eta   9.8 min
  step  1400  loss 0.1041   1.06 steps/s  eta   9.4 min
  step  1425  loss 0.1091   1.06 steps/s  eta   9.0 min
  step  1450  loss 0.1028   1.06 steps/s  eta   8.6 min
  step  1475  loss 0.1054   1.06 steps/s  eta   8.2 min
  step  1500  loss 0.1087   1.06 steps/s  eta   7.8 min
  step  1525  loss 0.1043   1.06 steps/s  eta   7.5 min
  step  1550  loss 0.1030   1.06 steps/s  eta   7.1 min
  step  1575  loss 0.0959   1.06 steps/s  eta   6.7 min
  step  1600  loss 0.0984   1.06 steps/s  eta   6.3 min
  step  1625  loss 0.1010   1.06 steps/s  eta   5.9 min
  step  1650  loss 0.1007   1.06 steps/s  eta   5.5 min
  step  1675  loss 0.1009   1.06 steps/s  eta   5.1 min
  step  1700  loss 0.0985   1.06 steps/s  eta   4.7 min
  step  1725  loss 0.1056   1.06 steps/s  eta   4.3 min
  step  1750  loss 0.1007   1.06 steps/s  eta   3.9 min
  step  1775  loss 0.1012   1.06 steps/s  eta   3.5 min
  step  1800  loss 0.0971   1.06 steps/s  eta   3.1 min
  step  1825  loss 0.0969   1.06 steps/s  eta   2.7 min
  step  1850  loss 0.1002   1.06 steps/s  eta   2.4 min
  step  1875  loss 0.0990   1.06 steps/s  eta   2.0 min
  step  1900  loss 0.0978   1.06 steps/s  eta   1.6 min
  step  1925  loss 0.1022   1.06 steps/s  eta   1.2 min
  step  1950  loss 0.1006   1.06 steps/s  eta   0.8 min
  step  1975  loss 0.1118   1.06 steps/s  eta   0.4 min
  step  2000  loss 0.1075   1.06 steps/s  eta   0.0 min

2000 steps in 31.4 min, now at step 2000
training loss 0.0851 -> 0.0967
⚑ that number is NOT a result -- a class-weighted loss falls when the head gets more
  confident on the weighted classes, correct or not. Score it:

  python scripts/frnet_eval.py --seq 08 --frames 200 --checkpoint /kaggle/working/ckpt/all-lowlr.pth
  python scripts/frnet_eval.py --seq 08 --frames 200  # the baseline, same 200 frames

wrote /kaggle/working/ckpt/all-lowlr.pth
