verifying on cuda: 20,000 rows x 64 ch into 4,000 slots (28 empty)
  scatter_max   forward  max abs diff 0.000e+00 (0.0 ulp), 0 of 254,208 values differ, empty-slot convention matches
  scatter_mean  forward  max abs diff 2.384e-07 (2.0 ulp), 103,240 of 256,000 values differ, empty-slot convention matches
  scatter_max   backward max abs diff 0.000e+00
  scatter_mean  backward max abs diff 2.384e-07 (2.0 ulp on 17,009 of 20,000 rows, the same float32 rounding as the forward)
  verified: scatter_max exact in both directions, scatter_mean within float32 rounding

fast-scatter ENABLED in frustum_encoder, frnet_backbone (scatter_max) and frustum_encoder (scatter_mean)
device cuda, holding out sequence 08
indexing training frames:
  sequence 00:  4541 labelled frames
  sequence 01:  1101 labelled frames
  sequence 02:  4661 labelled frames
  sequence 03:   801 labelled frames
  sequence 04:   271 labelled frames
  sequence 05:  2761 labelled frames
  sequence 06:  1101 labelled frames
  sequence 07:  1101 labelled frames
  sequence 09:  1591 labelled frames
  sequence 10:  1201 labelled frames
  19,130 frames over 10 sequences

init from frnet-semantickitti_seg.pth: 0 missing, 8 unexpected (auxiliary heads are training-only and correctly unused)
unfreeze=head: 92,564 of 10,019,252 parameters trainable (0.9%)
class weights: 3.0x on terrain, vegetation, 1.0 elsewhere

training 600 steps, batch 2, lr 0.001

  step    25  loss 0.1162   4.41 steps/s  eta   2.2 min
  step    50  loss 0.1116   4.47 steps/s  eta   2.0 min
  step    75  loss 0.1086   4.50 steps/s  eta   1.9 min
  step   100  loss 0.1130   4.52 steps/s  eta   1.8 min
  step   125  loss 0.0987   4.52 steps/s  eta   1.8 min
  step   150  loss 0.0972   4.53 steps/s  eta   1.7 min
  step   175  loss 0.0975   4.53 steps/s  eta   1.6 min
  step   200  loss 0.1050   4.54 steps/s  eta   1.5 min
  step   225  loss 0.1038   4.54 steps/s  eta   1.4 min
  step   250  loss 0.0957   4.55 steps/s  eta   1.3 min
  step   275  loss 0.1105   4.54 steps/s  eta   1.2 min
  step   300  loss 0.0889   4.54 steps/s  eta   1.1 min
  step   325  loss 0.1081   4.54 steps/s  eta   1.0 min
  step   350  loss 0.0998   4.53 steps/s  eta   0.9 min
  step   375  loss 0.1132   4.53 steps/s  eta   0.8 min
  step   400  loss 0.1031   4.53 steps/s  eta   0.7 min
  step   425  loss 0.1011   4.53 steps/s  eta   0.6 min
  step   450  loss 0.1045   4.52 steps/s  eta   0.6 min
  step   475  loss 0.1053   4.52 steps/s  eta   0.5 min
  step   500  loss 0.1066   4.50 steps/s  eta   0.4 min
  step   525  loss 0.0995   4.50 steps/s  eta   0.3 min
  step   550  loss 0.1003   4.50 steps/s  eta   0.2 min
  step   575  loss 0.1227   4.49 steps/s  eta   0.1 min
  step   600  loss 0.1079   4.47 steps/s  eta   0.0 min

600 steps in 2.2 min, now at step 600
training loss 0.0847 -> 0.0816
⚑ that number is NOT a result -- a class-weighted loss falls when the head gets more
  confident on the weighted classes, correct or not. Score it:

  python scripts/frnet_eval.py --seq 08 --frames 200 --checkpoint /home/shrestha/Desktop/sih26/assets/checkpoints/frnet-finetuned-laptop.pth
  python scripts/frnet_eval.py --seq 08 --frames 200  # the baseline, same 200 frames

wrote /home/shrestha/Desktop/sih26/assets/checkpoints/frnet-finetuned-laptop.pth
