PatchWorkpp::PatchWorkpp() - INITIALIZATION COMPLETE
PatchWorkpp::PatchWorkpp() - INITIALIZATION COMPLETE
CPU  Intel(R) Xeon(R) CPU @ 2.00GHz
GPU  Tesla T4
numpy 2.0.2, python 3.12.13, Linux

sequence 08, 200 frames, schedule 5/10/20/40, 910,000 slots, device cuda

stage           p50 ms   p99 ms   max ms   share   x10Hz
--------------------------------------------------------
load              3.48    24.32    33.99     5%    4.1x
transform         4.64     5.82     7.47     7%   17.2x
range_image       3.21     3.96     4.59     5%   25.3x
semantics         0.20     0.27     0.28     0%  370.4x
ground           41.98    49.09    62.67    60%    2.0x
reflectivity      0.06     0.09     0.17     0% 1153.5x
bin               0.88     1.38     1.56     1%   72.4x
scatter           4.58     6.59     7.36     7%   15.2x
fuse              0.14     0.24     0.31     0%  412.7x
cleanup           5.64     7.80     8.28     8%   12.8x
shift             3.93     8.15   155.81     6%   12.3x
--------------------------------------------------------
FRAME            70.08   106.04   250.79   100%    0.9x

14.3 FPS p50 (1.4x), 9.4 FPS p99 (0.9x) against the 100 ms budget at 10 Hz
MISSES 10 Hz at p99

split_merge is absent because it has no per-frame batch entry point; it is
driven per cell by the refinement pool. Everything else in the frame is above.
Shares are p50/p50 and will not sum to exactly 100%: a percentile of sums is
not the sum of percentiles. They are for reading the shape, not for arithmetic.

FREE-RUNNING (no per-stage synchronisation; the card and Patchwork++ overlap):
  FRAME p50 68.32 ms  p99 89.93 ms  max 110.06 ms  -> 14.6 FPS p50, 11.1 FPS p99, meets 10 Hz at p99
