Tesla T4, 580.159.04, 15360 MiB, 3 MiB
Tesla T4, 580.159.04, 15360 MiB, 3 MiB | CUDA runtime 12090 | cupy 14.0.1 | torch 2.10.0+cu128
  context  done
  grid     done
  frnet    done
  both     done
  pair     done

=== VRAM attribution (03-CUDA-PORT-PLAN.md §5) ===
  Map grid arrays                   8.94 MB (745,000 cells x 12 B)  10.92 MB over 910,000 slots  sum of device grid nbytes         
  Map frame-path buffers            -                               124.05 MB                    DeviceMap pool delta - grid       
  Perception buffers                -                               10.11 MB                     DevicePerception nbytes           
  Our declared total                -                               145.08 MB                    sum of the three                  
  cupy pool, used / reserved        -                               145.1 / 389.4 MB             after 210 frames                  
  CUDA context (cupy)               -                               104 MiB                      nvidia-smi, context-only process  
  Grid process on card              -                               618 MiB                      nvidia-smi per process            
  FRNet weights                     -                               40.2 MB (10.02 M params)     torch allocated delta at .to(cuda)
  FRNet peak, allocated / reserved  -                               1599 / 4102 MB               torch.cuda.max_memory_*           
  FRNet process on card             -                               4044 MiB                     nvidia-smi per process            
  Both, one process                 -                               4600 MiB                     nvidia-smi per process            
  Whole card, pair run peak         -                               4713 MiB of 15360 MiB        nvidia-smi memory.used, 1 s       

=== Contention (03-CUDA-PORT-PLAN.md §6), seq 08, ms per frame ===
  grid alone                         p50   67.88  p99  108.51  max  131.74  n   200
  FRNet alone                        p50  147.89  p99  156.77  max  170.82  n   200
  both, one loop: whole frame        p50  214.32  p99  257.82  max  264.19  n   200
  both, one loop: grid share         p50   64.88  p99  101.68  max  113.25  n   200
  both, one loop: FRNet share        p50  148.50  p99  156.51  max  162.54  n   200
  pair, two processes: grid          p50  118.34  p99  172.61  max  182.60  n   328
  pair, two processes: FRNet         p50  175.21  p99  195.22  max  206.27  n   228

  sum of the parts, p50             215.76   one loop measures 214.32 (-0.7%)
  grid  under contention (pair): p50 +74.3%, p99 +59.1%
  frnet under contention (pair): p50 +18.5%, p99 +24.5%
  10 Hz at p99: grid alone MISSES, one loop MISSES, pair grid MISSES

  telemetry: grid 59 C max, 31.78 W max, util 5%, throttle 0x1, thermal/hw slowdown False; frnet 73 C max, 74.95 W max, util 37%, throttle 0x5, thermal/hw slowdown False; both 82 C max, 104.64 W max, util 31%, throttle 0x5, thermal/hw slowdown False; pair 78 C max, 77.49 W max, util 39%, throttle 0x5, thermal/hw slowdown False

wrote /kaggle/working/t4/vram-contention.json
